TBCB56440 000:002.239   SEGGER J-Link V8.58 Log File
TBCB56440 000:002.342   DLL Compiled: Aug  6 2025 12:38:02
TBCB56440 000:002.344   Logging started @ 2025-10-28 09:42
TBCB56440 000:002.346   Process: /home/carlos-espinoza/.eclipse/com.renesas.platform_323311525/DebugComp/RA/e2-server-gdb
TBCB56440 000:002.349 - 2.349ms 
TBCB56440 000:002.353 JLINK_GetDLLVersion()
TBCB56440 000:002.355 - 0.002ms returns 85800
TBCB56440 000:003.738 JLINK_OpenEx(...)
TBCB56440 000:012.813   Firmware: J-Link OB-RA4M2 compiled Jul  8 2025 10:15:56
TBCB56440 000:016.760   Firmware: J-Link OB-RA4M2 compiled Jul  8 2025 10:15:56
TBCB56440 000:034.589   Hardware: V1.00
TBCB56440 000:034.611   S/N: 1084611157
TBCB56440 000:034.614   OEM: SEGGER
TBCB56440 000:034.617   Feature(s): None
TBCB56440 000:038.184   Bootloader: 2021 May 14
TBCB56440 000:040.053   USB speed mode: Full speed (12 MBit/s)
TBCB56440 000:040.631   TELNET listener socket opened on port 19021
TBCB56440 000:040.690   WEBSRV WEBSRV_Init(): Starting webserver thread(s)
TBCB56440 000:040.744   WEBSRV Webserver running on local port 19080
TBCB56440 000:040.755   Looking for J-Link GUI Server exe at: ARM/Segger_v8.58.0/JLinkGUIServerExe
TBCB56440 000:040.762   Looking for J-Link GUI Server exe at: /opt/SEGGER/JLink/JLinkGUIServerExe
TBCB56440 000:040.770   Forking J-Link GUI Server: /opt/SEGGER/JLink/JLinkGUIServerExe
TBCB56440 000:060.531   J-Link GUI Server info: "J-Link GUI server V8.76 "
TBCB56440 000:063.518 - 59.776ms returns "O.K."
TBCB56440 000:063.768 JLINK_TIF_Select(JLINKARM_TIF_SWD)
TBCB56440 000:065.189 - 1.424ms returns 0x00
TBCB56440 000:065.315 JLINK_ClrRESET()
TBCB56440 000:065.895 - 0.576ms 
TBCB56440 000:116.185 JLINK_SetSpeed(1500)
TBCB56440 000:116.715 - 0.530ms 
TBCB56440 000:116.805 JLINK_CORESIGHT_Configure(PerformTIFInit=0)
TBCB56440 000:117.482 - 0.675ms returns 0
TBCB56440 000:117.571 JLINK_CORESIGHT_ReadAPDPReg(DP reg 0x00)
TBCB56440 000:118.173   Value=0x6BA02477
TBCB56440 000:118.255 - 0.685ms returns 0
TBCB56440 000:118.291 JLINK_CORESIGHT_WriteAPDPReg(DP reg 0x00, 0x0000001F)
TBCB56440 000:118.596 - 0.306ms returns 0
TBCB56440 000:118.644 JLINK_CORESIGHT_ReadAPDPReg(DP reg 0x00)
TBCB56440 000:120.055   Value=0x6BA02477
TBCB56440 000:120.193 - 1.547ms returns 0
TBCB56440 000:120.221 JLINK_CORESIGHT_WriteAPDPReg(DP reg 0x02, 0x00000000)
TBCB56440 000:121.788 - 1.568ms returns 0
TBCB56440 000:121.805 JLINK_CORESIGHT_WriteAPDPReg(DP reg 0x01, 0x50000000)
TBCB56440 000:123.131 - 1.327ms returns 0
TBCB56440 000:123.148 JLINK_CORESIGHT_ReadAPDPReg(DP reg 0x01)
TBCB56440 000:123.537   Value=0xF0000040
TBCB56440 000:123.561 - 0.413ms returns 0
TBCB56440 000:123.563 JLINK_CORESIGHT_WriteAPDPReg(DP reg 0x00, 0x0000001F)
TBCB56440 000:123.832 - 0.269ms returns 0
TBCB56440 000:123.836 JLINK_CORESIGHT_ReadAPDPReg(DP reg 0x00)
TBCB56440 000:125.116   Value=0x6BA02477
TBCB56440 000:125.120 - 1.284ms returns 0
TBCB56440 000:125.122 JLINK_CORESIGHT_WriteAPDPReg(DP reg 0x01, 0x54000000)
TBCB56440 000:125.514 - 0.391ms returns 0
TBCB56440 000:125.535 JLINK_CORESIGHT_WriteAPDPReg(DP reg 0x01, 0x50000F00)
TBCB56440 000:125.797 - 0.264ms returns 0
TBCB56440 000:125.801 JLINK_CORESIGHT_WriteAPDPReg(DP reg 0x02, 0x01000000)
TBCB56440 000:126.021 - 0.220ms returns 0
TBCB56440 000:126.025 JLINK_CORESIGHT_WriteAPDPReg(AP reg 0x00, 0x80000002)
TBCB56440 000:126.276 - 0.251ms returns 0
TBCB56440 000:126.280 JLINK_CORESIGHT_WriteAPDPReg(AP reg 0x01, 0x80011100)
TBCB56440 000:126.498 - 0.219ms returns 0
TBCB56440 000:126.502 JLINK_CORESIGHT_WriteAPDPReg(AP reg 0x03, 0x000000A5)
TBCB56440 000:126.722 - 0.221ms returns 0
TBCB56440 000:126.726 JLINK_CORESIGHT_WriteAPDPReg(AP reg 0x00, 0x80000002)
TBCB56440 000:126.960 - 0.234ms returns 0
TBCB56440 000:126.964 JLINK_CORESIGHT_WriteAPDPReg(AP reg 0x01, 0x80011100)
TBCB56440 000:127.250 - 0.286ms returns 0
TBCB56440 000:127.254 JLINK_CORESIGHT_ReadAPDPReg(AP reg 0x03)
TBCB56440 000:127.743   Value=0x000000A5
TBCB56440 000:127.763 - 0.509ms returns 0
TBCB56440 000:127.767 JLINK_ClrTMS()
TBCB56440 000:127.864 - 0.097ms 
TBCB56440 000:132.967 JLINK_SetTCK()
TBCB56440 000:133.081 - 0.114ms returns 0
TBCB56440 000:138.142 JLINK_SetRESET()
TBCB56440 000:138.253 - 0.111ms 
TBCB56440 000:338.328 JLINK_CORESIGHT_WriteAPDPReg(AP reg 0x00, 0x80000002)
TBCB56440 000:338.988 - 0.660ms returns 0
TBCB56440 000:339.004 JLINK_CORESIGHT_WriteAPDPReg(AP reg 0x01, 0x80011100)
TBCB56440 000:339.464 - 0.460ms returns 0
TBCB56440 000:339.480 JLINK_CORESIGHT_ReadAPDPReg(AP reg 0x03)
TBCB56440 000:339.958   Value=0x00000000
TBCB56440 000:339.973 - 0.493ms returns 0
TBCB56440 000:339.979 JLINK_CORESIGHT_WriteAPDPReg(AP reg 0x00, 0x80000002)
TBCB56440 000:340.507 - 0.527ms returns 0
TBCB56440 000:340.523 JLINK_CORESIGHT_WriteAPDPReg(AP reg 0x01, 0x80011140)
TBCB56440 000:340.755 - 0.232ms returns 0
TBCB56440 000:340.760 JLINK_CORESIGHT_ReadAPDPReg(AP reg 0x03)
TBCB56440 000:341.074   Value=0x00000002
TBCB56440 000:341.080 - 0.320ms returns 0
TBCB56440 000:341.083 JLINK_CORESIGHT_WriteAPDPReg(AP reg 0x00, 0x80000002)
TBCB56440 000:341.373 - 0.290ms returns 0
TBCB56440 000:341.378 JLINK_CORESIGHT_WriteAPDPReg(AP reg 0x01, 0x80011120)
TBCB56440 000:341.604 - 0.226ms returns 0
TBCB56440 000:341.608 JLINK_CORESIGHT_WriteAPDPReg(AP reg 0x03, 0x00000055)
TBCB56440 000:341.826 - 0.218ms returns 0
TBCB56440 000:341.830 JLINK_CORESIGHT_WriteAPDPReg(AP reg 0x00, 0x80000002)
TBCB56440 000:342.075 - 0.245ms returns 0
TBCB56440 000:342.078 JLINK_CORESIGHT_WriteAPDPReg(AP reg 0x01, 0x80011140)
TBCB56440 000:342.360 - 0.282ms returns 0
TBCB56440 000:342.364 JLINK_CORESIGHT_ReadAPDPReg(AP reg 0x03)
TBCB56440 000:342.630   Value=0x00000002
TBCB56440 000:342.634 - 0.271ms returns 0
TBCB56440 000:342.637 JLINK_CORESIGHT_ReadAPDPReg(AP reg 0x03)
TBCB56440 000:342.900   Value=0x00000002
TBCB56440 000:342.905 - 0.268ms returns 0
TBCB56440 000:342.907 JLINK_CORESIGHT_ReadAPDPReg(AP reg 0x03)
TBCB56440 000:343.275   Value=0x00000002
TBCB56440 000:343.298 - 0.390ms returns 0
TBCB56440 000:343.305 JLINK_CORESIGHT_ReadAPDPReg(AP reg 0x03)
TBCB56440 000:343.553   Value=0x00000002
TBCB56440 000:343.557 - 0.253ms returns 0
TBCB56440 000:343.560 JLINK_CORESIGHT_ReadAPDPReg(AP reg 0x03)
TBCB56440 000:343.821   Value=0x00000002
TBCB56440 000:343.825 - 0.265ms returns 0
TBCB56440 000:343.827 JLINK_CORESIGHT_ReadAPDPReg(AP reg 0x03)
TBCB56440 000:344.145   Value=0x00000002
TBCB56440 000:344.149 - 0.322ms returns 0
TBCB56440 000:344.151 JLINK_CORESIGHT_ReadAPDPReg(AP reg 0x03)
TBCB56440 000:344.445   Value=0x00000002
TBCB56440 000:344.450 - 0.299ms returns 0
TBCB56440 000:344.453 JLINK_CORESIGHT_ReadAPDPReg(AP reg 0x03)
TBCB56440 000:344.714   Value=0x00000002
TBCB56440 000:344.718 - 0.265ms returns 0
TBCB56440 000:344.721 JLINK_CORESIGHT_ReadAPDPReg(AP reg 0x03)
TBCB56440 000:344.985   Value=0x00000002
TBCB56440 000:344.989 - 0.268ms returns 0
TBCB56440 000:344.992 JLINK_CORESIGHT_ReadAPDPReg(AP reg 0x03)
TBCB56440 000:345.253   Value=0x00000002
TBCB56440 000:345.257 - 0.266ms returns 0
TBCB56440 000:345.260 JLINK_CORESIGHT_ReadAPDPReg(AP reg 0x03)
TBCB56440 000:345.525   Value=0x00000002
TBCB56440 000:345.529 - 0.269ms returns 0
TBCB56440 000:345.532 JLINK_CORESIGHT_ReadAPDPReg(AP reg 0x03)
TBCB56440 000:345.813   Value=0x00000002
TBCB56440 000:345.817 - 0.285ms returns 0
TBCB56440 000:345.819 JLINK_CORESIGHT_ReadAPDPReg(AP reg 0x03)
TBCB56440 000:346.092   Value=0x00000002
TBCB56440 000:346.097 - 0.278ms returns 0
TBCB56440 000:346.099 JLINK_CORESIGHT_ReadAPDPReg(AP reg 0x03)
TBCB56440 000:346.407   Value=0x00000002
TBCB56440 000:346.411 - 0.312ms returns 0
TBCB56440 000:346.414 JLINK_CORESIGHT_ReadAPDPReg(AP reg 0x03)
TBCB56440 000:346.711   Value=0x00000002
TBCB56440 000:346.716 - 0.301ms returns 0
TBCB56440 000:346.719 JLINK_CORESIGHT_ReadAPDPReg(AP reg 0x03)
TBCB56440 000:347.041   Value=0x00000002
TBCB56440 000:347.045 - 0.326ms returns 0
TBCB56440 000:347.048 JLINK_CORESIGHT_ReadAPDPReg(AP reg 0x03)
TBCB56440 000:347.290   Value=0x00000002
TBCB56440 000:347.295 - 0.246ms returns 0
TBCB56440 000:347.308 JLINK_CORESIGHT_ReadAPDPReg(AP reg 0x03)
TBCB56440 000:347.546   Value=0x00000002
TBCB56440 000:347.551 - 0.243ms returns 0
TBCB56440 000:347.554 JLINK_CORESIGHT_ReadAPDPReg(AP reg 0x03)
TBCB56440 000:347.793   Value=0x00000002
TBCB56440 000:347.797 - 0.243ms returns 0
TBCB56440 000:347.800 JLINK_CORESIGHT_ReadAPDPReg(AP reg 0x03)
TBCB56440 000:348.041   Value=0x00000002
TBCB56440 000:348.045 - 0.245ms returns 0
TBCB56440 000:348.049 JLINK_CORESIGHT_ReadAPDPReg(AP reg 0x03)
TBCB56440 000:348.291   Value=0x00000002
TBCB56440 000:348.295 - 0.247ms returns 0
TBCB56440 000:348.298 JLINK_CORESIGHT_ReadAPDPReg(AP reg 0x03)
TBCB56440 000:349.837   Value=0x00000002
TBCB56440 000:349.975 - 1.674ms returns 0
TBCB56440 000:350.055 JLINK_CORESIGHT_ReadAPDPReg(AP reg 0x03)
TBCB56440 000:350.514   Value=0x00000002
TBCB56440 000:350.528 - 0.473ms returns 0
TBCB56440 000:350.531 JLINK_CORESIGHT_ReadAPDPReg(AP reg 0x03)
TBCB56440 000:350.978   Value=0x00000002
TBCB56440 000:350.988 - 0.457ms returns 0
TBCB56440 000:350.991 JLINK_CORESIGHT_ReadAPDPReg(AP reg 0x03)
TBCB56440 000:351.445   Value=0x00000002
TBCB56440 000:351.466 - 0.475ms returns 0
TBCB56440 000:351.469 JLINK_CORESIGHT_ReadAPDPReg(AP reg 0x03)
TBCB56440 000:351.759   Value=0x00000002
TBCB56440 000:351.763 - 0.294ms returns 0
TBCB56440 000:351.766 JLINK_CORESIGHT_ReadAPDPReg(AP reg 0x03)
TBCB56440 000:352.063   Value=0x00000002
TBCB56440 000:352.067 - 0.301ms returns 0
TBCB56440 000:352.070 JLINK_CORESIGHT_ReadAPDPReg(AP reg 0x03)
TBCB56440 000:352.414   Value=0x00000002
TBCB56440 000:352.438 - 0.367ms returns 0
TBCB56440 000:352.448 JLINK_CORESIGHT_ReadAPDPReg(AP reg 0x03)
TBCB56440 000:352.729   Value=0x00000002
TBCB56440 000:352.733 - 0.285ms returns 0
TBCB56440 000:352.736 JLINK_CORESIGHT_ReadAPDPReg(AP reg 0x03)
TBCB56440 000:353.003   Value=0x00000002
TBCB56440 000:353.007 - 0.271ms returns 0
TBCB56440 000:353.010 JLINK_CORESIGHT_ReadAPDPReg(AP reg 0x03)
TBCB56440 000:353.297   Value=0x00000000
TBCB56440 000:353.301 - 0.291ms returns 0
TBCB56440 000:353.306 JLINK_CORESIGHT_WriteAPDPReg(AP reg 0x00, 0x80000002)
TBCB56440 000:353.521 - 0.215ms returns 0
TBCB56440 000:353.526 JLINK_CORESIGHT_WriteAPDPReg(AP reg 0x01, 0x80011130)
TBCB56440 000:353.797 - 0.271ms returns 0
TBCB56440 000:353.802 JLINK_CORESIGHT_ReadAPDPReg(AP reg 0x03)
TBCB56440 000:354.112   Value=0x000000C6
TBCB56440 000:354.117 - 0.316ms returns 0
TBCB56440 000:354.139 JLINK_CORESIGHT_WriteAPDPReg(AP reg 0x00, 0x80000002)
TBCB56440 000:354.380 - 0.241ms returns 0
TBCB56440 000:354.386 JLINK_CORESIGHT_WriteAPDPReg(AP reg 0x01, 0x80011140)
TBCB56440 000:354.632 - 0.246ms returns 0
TBCB56440 000:354.636 JLINK_CORESIGHT_ReadAPDPReg(AP reg 0x03)
TBCB56440 000:355.049   Value=0x00000002
TBCB56440 000:355.154 - 0.516ms returns 0
TBCB56440 000:355.190 JLINK_CORESIGHT_WriteAPDPReg(AP reg 0x00, 0x80000002)
TBCB56440 000:355.618 - 0.428ms returns 0
TBCB56440 000:355.722 JLINK_CORESIGHT_WriteAPDPReg(AP reg 0x01, 0x80011120)
TBCB56440 000:356.047 - 0.325ms returns 0
TBCB56440 000:356.108 JLINK_CORESIGHT_WriteAPDPReg(AP reg 0x03, 0x3A010001)
TBCB56440 000:356.393 - 0.286ms returns 0
TBCB56440 000:356.438 JLINK_CORESIGHT_WriteAPDPReg(AP reg 0x00, 0x80000002)
TBCB56440 000:356.723 - 0.284ms returns 0
TBCB56440 000:356.765 JLINK_CORESIGHT_WriteAPDPReg(AP reg 0x01, 0x80011140)
TBCB56440 000:357.065 - 0.300ms returns 0
TBCB56440 000:357.108 JLINK_CORESIGHT_ReadAPDPReg(AP reg 0x03)
TBCB56440 000:357.454   Value=0x00000002
TBCB56440 000:357.504 - 0.396ms returns 0
TBCB56440 000:357.529 JLINK_CORESIGHT_WriteAPDPReg(AP reg 0x00, 0x80000002)
TBCB56440 000:357.829 - 0.299ms returns 0
TBCB56440 000:357.871 JLINK_CORESIGHT_WriteAPDPReg(AP reg 0x01, 0x80011120)
TBCB56440 000:358.157 - 0.285ms returns 0
TBCB56440 000:358.201 JLINK_CORESIGHT_WriteAPDPReg(AP reg 0x03, 0x000003C5)
TBCB56440 000:358.494 - 0.294ms returns 0
TBCB56440 000:358.537 JLINK_CORESIGHT_WriteAPDPReg(AP reg 0x00, 0x80000002)
TBCB56440 000:358.833 - 0.297ms returns 0
TBCB56440 000:358.952 JLINK_CORESIGHT_WriteAPDPReg(AP reg 0x01, 0x80011140)
TBCB56440 000:359.299 - 0.348ms returns 0
TBCB56440 000:359.343 JLINK_CORESIGHT_ReadAPDPReg(AP reg 0x03)
TBCB56440 000:359.680   Value=0x00000002
TBCB56440 000:359.729 - 0.387ms returns 0
TBCB56440 000:359.754 JLINK_CORESIGHT_ReadAPDPReg(AP reg 0x03)
TBCB56440 000:360.095   Value=0x00000002
TBCB56440 000:360.151 - 0.397ms returns 0
TBCB56440 000:360.219 JLINK_CORESIGHT_ReadAPDPReg(AP reg 0x03)
TBCB56440 000:360.572   Value=0x00000000
TBCB56440 000:360.623 - 0.405ms returns 0
TBCB56440 000:360.649 JLINK_CORESIGHT_WriteAPDPReg(AP reg 0x00, 0x80000002)
TBCB56440 000:361.009 - 0.361ms returns 0
TBCB56440 000:361.056 JLINK_CORESIGHT_WriteAPDPReg(AP reg 0x01, 0x80011130)
TBCB56440 000:361.390 - 0.335ms returns 0
TBCB56440 000:361.434 JLINK_CORESIGHT_ReadAPDPReg(AP reg 0x03)
TBCB56440 000:361.774   Value=0x3A2A0081
TBCB56440 000:361.824 - 0.390ms returns 0
TBCB56440 000:361.849 JLINK_CORESIGHT_WriteAPDPReg(AP reg 0x00, 0x80000002)
TBCB56440 000:362.163 - 0.314ms returns 0
TBCB56440 000:362.208 JLINK_CORESIGHT_WriteAPDPReg(AP reg 0x01, 0x80011140)
TBCB56440 000:362.502 - 0.294ms returns 0
TBCB56440 000:362.544 JLINK_CORESIGHT_ReadAPDPReg(AP reg 0x03)
TBCB56440 000:362.881   Value=0x00000000
TBCB56440 000:363.023 - 0.479ms returns 0
TBCB56440 000:363.053 JLINK_CORESIGHT_WriteAPDPReg(AP reg 0x00, 0x80000002)
TBCB56440 000:363.426 - 0.370ms returns 0
TBCB56440 000:363.516 JLINK_CORESIGHT_WriteAPDPReg(AP reg 0x01, 0x80011130)
TBCB56440 000:363.812 - 0.298ms returns 0
TBCB56440 000:363.862 JLINK_CORESIGHT_ReadAPDPReg(AP reg 0x03)
TBCB56440 000:364.294   Value=0x808D5B00
TBCB56440 000:364.349 - 0.486ms returns 0
TBCB56440 000:364.377 JLINK_CORESIGHT_WriteAPDPReg(AP reg 0x00, 0x80000002)
TBCB56440 000:364.686 - 0.309ms returns 0
TBCB56440 000:364.728 JLINK_CORESIGHT_WriteAPDPReg(AP reg 0x01, 0x80011140)
TBCB56440 000:365.032 - 0.305ms returns 0
TBCB56440 000:365.077 JLINK_CORESIGHT_ReadAPDPReg(AP reg 0x03)
TBCB56440 000:365.475   Value=0x00000000
TBCB56440 000:365.528 - 0.451ms returns 0
TBCB56440 000:365.556 JLINK_CORESIGHT_WriteAPDPReg(AP reg 0x00, 0x80000002)
TBCB56440 000:365.862 - 0.307ms returns 0
TBCB56440 000:365.951 JLINK_CORESIGHT_WriteAPDPReg(AP reg 0x01, 0x80011130)
TBCB56440 000:366.285 - 0.334ms returns 0
TBCB56440 000:366.328 JLINK_CORESIGHT_ReadAPDPReg(AP reg 0x03)
TBCB56440 000:366.658   Value=0x0406070A
TBCB56440 000:366.706 - 0.378ms returns 0
TBCB56440 000:366.731 JLINK_CORESIGHT_WriteAPDPReg(AP reg 0x00, 0x80000002)
TBCB56440 000:367.011 - 0.281ms returns 0
TBCB56440 000:367.056 JLINK_CORESIGHT_WriteAPDPReg(AP reg 0x01, 0x80011140)
TBCB56440 000:367.406 - 0.349ms returns 0
TBCB56440 000:367.457 JLINK_CORESIGHT_ReadAPDPReg(AP reg 0x03)
TBCB56440 000:367.799   Value=0x00000000
TBCB56440 000:367.835 - 0.378ms returns 0
TBCB56440 000:367.859 JLINK_CORESIGHT_WriteAPDPReg(AP reg 0x00, 0x80000002)
TBCB56440 000:368.162 - 0.302ms returns 0
TBCB56440 000:368.202 JLINK_CORESIGHT_WriteAPDPReg(AP reg 0x01, 0x80011130)
TBCB56440 000:368.492 - 0.291ms returns 0
TBCB56440 000:368.521 JLINK_CORESIGHT_ReadAPDPReg(AP reg 0x03)
TBCB56440 000:368.863   Value=0x3254540B
TBCB56440 000:368.908 - 0.387ms returns 0
TBCB56440 000:368.954 JLINK_CORESIGHT_WriteAPDPReg(AP reg 0x00, 0x80000002)
TBCB56440 000:369.285 - 0.331ms returns 0
TBCB56440 000:369.324 JLINK_CORESIGHT_WriteAPDPReg(AP reg 0x01, 0x80011140)
TBCB56440 000:369.644 - 0.320ms returns 0
TBCB56440 000:369.674 JLINK_CORESIGHT_ReadAPDPReg(AP reg 0x03)
TBCB56440 000:370.034   Value=0x00000000
TBCB56440 000:370.054 - 0.381ms returns 0
TBCB56440 000:370.063 JLINK_CORESIGHT_WriteAPDPReg(AP reg 0x00, 0x80000002)
TBCB56440 000:370.378 - 0.315ms returns 0
TBCB56440 000:370.382 JLINK_CORESIGHT_WriteAPDPReg(AP reg 0x01, 0x80011130)
TBCB56440 000:370.659 - 0.277ms returns 0
TBCB56440 000:370.662 JLINK_CORESIGHT_ReadAPDPReg(AP reg 0x03)
TBCB56440 000:370.963   Value=0x54550358
TBCB56440 000:370.968 - 0.307ms returns 0
TBCB56440 000:370.971 JLINK_CORESIGHT_WriteAPDPReg(AP reg 0x00, 0x80000002)
TBCB56440 000:371.249 - 0.278ms returns 0
TBCB56440 000:371.251 JLINK_CORESIGHT_WriteAPDPReg(AP reg 0x01, 0x80011140)
TBCB56440 000:371.448 - 0.196ms returns 0
TBCB56440 000:371.450 JLINK_CORESIGHT_ReadAPDPReg(AP reg 0x03)
TBCB56440 000:371.732   Value=0x00000000
TBCB56440 000:371.736 - 0.286ms returns 0
TBCB56440 000:371.739 JLINK_CORESIGHT_WriteAPDPReg(AP reg 0x00, 0x80000002)
TBCB56440 000:371.976 - 0.237ms returns 0
TBCB56440 000:371.979 JLINK_CORESIGHT_WriteAPDPReg(AP reg 0x01, 0x80011130)
TBCB56440 000:372.261 - 0.282ms returns 0
TBCB56440 000:372.265 JLINK_CORESIGHT_ReadAPDPReg(AP reg 0x03)
TBCB56440 000:372.509   Value=0x34325736
TBCB56440 000:372.512 - 0.247ms returns 0
TBCB56440 000:372.514 JLINK_CORESIGHT_WriteAPDPReg(AP reg 0x00, 0x80000002)
TBCB56440 000:372.714 - 0.199ms returns 0
TBCB56440 000:372.717 JLINK_CORESIGHT_WriteAPDPReg(AP reg 0x01, 0x80011140)
TBCB56440 000:372.955 - 0.238ms returns 0
TBCB56440 000:372.960 JLINK_CORESIGHT_ReadAPDPReg(AP reg 0x03)
TBCB56440 000:373.261   Value=0x00000000
TBCB56440 000:373.266 - 0.306ms returns 0
TBCB56440 000:373.270 JLINK_CORESIGHT_WriteAPDPReg(AP reg 0x00, 0x80000002)
TBCB56440 000:373.486 - 0.218ms returns 0
TBCB56440 000:373.488 JLINK_CORESIGHT_WriteAPDPReg(AP reg 0x01, 0x80011130)
TBCB56440 000:373.713 - 0.225ms returns 0
TBCB56440 000:373.717 JLINK_CORESIGHT_ReadAPDPReg(AP reg 0x03)
TBCB56440 000:374.004   Value=0x68022D30
TBCB56440 000:374.007 - 0.290ms returns 0
TBCB56440 000:374.009 JLINK_CORESIGHT_WriteAPDPReg(AP reg 0x00, 0x80000002)
TBCB56440 000:374.248 - 0.239ms returns 0
TBCB56440 000:374.251 JLINK_CORESIGHT_WriteAPDPReg(AP reg 0x01, 0x80011140)
TBCB56440 000:374.465 - 0.214ms returns 0
TBCB56440 000:374.469 JLINK_CORESIGHT_ReadAPDPReg(AP reg 0x03)
TBCB56440 000:374.735   Value=0x00000000
TBCB56440 000:374.738 - 0.269ms returns 0
TBCB56440 000:374.740 JLINK_CORESIGHT_WriteAPDPReg(AP reg 0x00, 0x80000002)
TBCB56440 000:374.952 - 0.212ms returns 0
TBCB56440 000:374.956 JLINK_CORESIGHT_WriteAPDPReg(AP reg 0x01, 0x80011130)
TBCB56440 000:375.170 - 0.214ms returns 0
TBCB56440 000:375.174 JLINK_CORESIGHT_ReadAPDPReg(AP reg 0x03)
TBCB56440 000:375.441   Value=0x4B37527D
TBCB56440 000:375.446 - 0.273ms returns 0
TBCB56440 000:375.448 JLINK_CORESIGHT_WriteAPDPReg(AP reg 0x00, 0x80000002)
TBCB56440 000:375.645 - 0.196ms returns 0
TBCB56440 000:375.648 JLINK_CORESIGHT_WriteAPDPReg(AP reg 0x01, 0x80011140)
TBCB56440 000:375.863 - 0.215ms returns 0
TBCB56440 000:375.867 JLINK_CORESIGHT_ReadAPDPReg(AP reg 0x03)
TBCB56440 000:376.129   Value=0x00000000
TBCB56440 000:376.133 - 0.266ms returns 0
TBCB56440 000:376.136 JLINK_CORESIGHT_WriteAPDPReg(AP reg 0x00, 0x80000002)
TBCB56440 000:376.360 - 0.224ms returns 0
TBCB56440 000:376.363 JLINK_CORESIGHT_WriteAPDPReg(AP reg 0x01, 0x80011130)
TBCB56440 000:376.587 - 0.224ms returns 0
TBCB56440 000:376.591 JLINK_CORESIGHT_ReadAPDPReg(AP reg 0x03)
TBCB56440 000:376.855   Value=0x32543841
TBCB56440 000:376.859 - 0.268ms returns 0
TBCB56440 000:376.862 JLINK_CORESIGHT_WriteAPDPReg(AP reg 0x00, 0x80000002)
TBCB56440 000:377.085 - 0.223ms returns 0
TBCB56440 000:377.089 JLINK_CORESIGHT_WriteAPDPReg(AP reg 0x01, 0x80011140)
TBCB56440 000:377.281 - 0.192ms returns 0
TBCB56440 000:377.285 JLINK_CORESIGHT_ReadAPDPReg(AP reg 0x03)
TBCB56440 000:377.549   Value=0x00000000
TBCB56440 000:377.553 - 0.268ms returns 0
TBCB56440 000:377.556 JLINK_CORESIGHT_WriteAPDPReg(AP reg 0x00, 0x80000002)
TBCB56440 000:377.752 - 0.196ms returns 0
TBCB56440 000:377.756 JLINK_CORESIGHT_WriteAPDPReg(AP reg 0x01, 0x80011130)
TBCB56440 000:377.969 - 0.212ms returns 0
TBCB56440 000:377.973 JLINK_CORESIGHT_ReadAPDPReg(AP reg 0x03)
TBCB56440 000:378.279   Value=0x434C464C
TBCB56440 000:378.284 - 0.312ms returns 0
TBCB56440 000:378.286 JLINK_CORESIGHT_WriteAPDPReg(AP reg 0x00, 0x80000002)
TBCB56440 000:378.504 - 0.218ms returns 0
TBCB56440 000:378.508 JLINK_CORESIGHT_WriteAPDPReg(AP reg 0x01, 0x80011140)
TBCB56440 000:378.730 - 0.222ms returns 0
TBCB56440 000:378.739 JLINK_CORESIGHT_ReadAPDPReg(AP reg 0x03)
TBCB56440 000:379.007   Value=0x00000000
TBCB56440 000:379.012 - 0.273ms returns 0
TBCB56440 000:379.015 JLINK_CORESIGHT_WriteAPDPReg(AP reg 0x00, 0x80000002)
TBCB56440 000:379.257 - 0.242ms returns 0
TBCB56440 000:379.263 JLINK_CORESIGHT_WriteAPDPReg(AP reg 0x01, 0x80011130)
TBCB56440 000:379.463 - 0.200ms returns 0
TBCB56440 000:379.468 JLINK_CORESIGHT_ReadAPDPReg(AP reg 0x03)
TBCB56440 000:379.794   Value=0x20204341
TBCB56440 000:379.868 - 0.400ms returns 0
TBCB56440 000:379.902 JLINK_CORESIGHT_WriteAPDPReg(AP reg 0x00, 0x80000002)
TBCB56440 000:380.282 - 0.380ms returns 0
TBCB56440 000:380.325 JLINK_CORESIGHT_WriteAPDPReg(AP reg 0x01, 0x80011140)
TBCB56440 000:380.566 - 0.241ms returns 0
TBCB56440 000:380.648 JLINK_CORESIGHT_ReadAPDPReg(AP reg 0x03)
TBCB56440 000:380.985   Value=0x00000000
TBCB56440 000:381.027 - 0.380ms returns 0
TBCB56440 000:381.050 JLINK_CORESIGHT_WriteAPDPReg(AP reg 0x00, 0x80000002)
TBCB56440 000:381.394 - 0.344ms returns 0
TBCB56440 000:381.402 JLINK_CORESIGHT_WriteAPDPReg(AP reg 0x01, 0x80011130)
TBCB56440 000:381.672 - 0.269ms returns 0
TBCB56440 000:381.719 JLINK_CORESIGHT_ReadAPDPReg(AP reg 0x03)
TBCB56440 000:382.056   Value=0x00032120
TBCB56440 000:382.095 - 0.375ms returns 0
TBCB56440 000:383.021 JLINK_CORESIGHT_WriteAPDPReg(AP reg 0x00, 0x80000002)
TBCB56440 000:383.322 - 0.302ms returns 0
TBCB56440 000:383.354 JLINK_CORESIGHT_WriteAPDPReg(AP reg 0x01, 0x80011140)
TBCB56440 000:383.633 - 0.279ms returns 0
TBCB56440 000:383.676 JLINK_CORESIGHT_ReadAPDPReg(AP reg 0x03)
TBCB56440 000:384.010   Value=0x00000002
TBCB56440 000:384.050 - 0.374ms returns 0
TBCB56440 000:384.089 JLINK_CORESIGHT_WriteAPDPReg(AP reg 0x00, 0x80000002)
TBCB56440 000:384.406 - 0.317ms returns 0
TBCB56440 000:384.449 JLINK_CORESIGHT_WriteAPDPReg(AP reg 0x01, 0x80011120)
TBCB56440 000:384.695 - 0.247ms returns 0
TBCB56440 000:384.726 JLINK_CORESIGHT_WriteAPDPReg(AP reg 0x03, 0x39020001)
TBCB56440 000:384.999 - 0.273ms returns 0
TBCB56440 000:385.041 JLINK_CORESIGHT_WriteAPDPReg(AP reg 0x00, 0x80000002)
TBCB56440 000:386.574 - 1.533ms returns 0
TBCB56440 000:386.623 JLINK_CORESIGHT_WriteAPDPReg(AP reg 0x01, 0x80011140)
TBCB56440 000:388.143 - 1.519ms returns 0
TBCB56440 000:388.188 JLINK_CORESIGHT_ReadAPDPReg(AP reg 0x03)
TBCB56440 000:388.653   Value=0x00000002
TBCB56440 000:388.703 - 0.515ms returns 0
TBCB56440 000:388.729 JLINK_CORESIGHT_WriteAPDPReg(AP reg 0x00, 0x80000002)
TBCB56440 000:389.058 - 0.329ms returns 0
TBCB56440 000:389.101 JLINK_CORESIGHT_WriteAPDPReg(AP reg 0x01, 0x80011120)
TBCB56440 000:389.509 - 0.408ms returns 0
TBCB56440 000:389.552 JLINK_CORESIGHT_WriteAPDPReg(AP reg 0x03, 0x0003B312)
TBCB56440 000:389.887 - 0.334ms returns 0
TBCB56440 000:389.972 JLINK_CORESIGHT_WriteAPDPReg(AP reg 0x00, 0x80000002)
TBCB56440 000:390.293 - 0.320ms returns 0
TBCB56440 000:390.338 JLINK_CORESIGHT_WriteAPDPReg(AP reg 0x01, 0x80011140)
TBCB56440 000:390.637 - 0.299ms returns 0
TBCB56440 000:390.681 JLINK_CORESIGHT_ReadAPDPReg(AP reg 0x03)
TBCB56440 000:391.030   Value=0x00000000
TBCB56440 000:391.083 - 0.402ms returns 0
TBCB56440 000:391.109 JLINK_CORESIGHT_WriteAPDPReg(AP reg 0x00, 0x80000002)
TBCB56440 000:391.433 - 0.324ms returns 0
TBCB56440 000:391.477 JLINK_CORESIGHT_WriteAPDPReg(AP reg 0x01, 0x80011130)
TBCB56440 000:391.777 - 0.300ms returns 0
TBCB56440 000:391.820 JLINK_CORESIGHT_ReadAPDPReg(AP reg 0x03)
TBCB56440 000:392.159   Value=0xB90A0081
TBCB56440 000:392.211 - 0.391ms returns 0
TBCB56440 000:392.235 JLINK_CORESIGHT_WriteAPDPReg(AP reg 0x00, 0x80000002)
TBCB56440 000:392.521 - 0.286ms returns 0
TBCB56440 000:392.564 JLINK_CORESIGHT_WriteAPDPReg(AP reg 0x01, 0x80011140)
TBCB56440 000:392.843 - 0.278ms returns 0
TBCB56440 000:392.884 JLINK_CORESIGHT_ReadAPDPReg(AP reg 0x03)
TBCB56440 000:393.599   Value=0x00000000
TBCB56440 000:393.717 - 0.833ms returns 0
TBCB56440 000:393.727 JLINK_CORESIGHT_WriteAPDPReg(AP reg 0x00, 0x80000002)
TBCB56440 000:393.994 - 0.268ms returns 0
TBCB56440 000:394.015 JLINK_CORESIGHT_WriteAPDPReg(AP reg 0x01, 0x80011130)
TBCB56440 000:394.385 - 0.370ms returns 0
TBCB56440 000:394.390 JLINK_CORESIGHT_ReadAPDPReg(AP reg 0x03)
TBCB56440 000:394.698   Value=0xFFFFFFC0
TBCB56440 000:394.702 - 0.312ms returns 0
TBCB56440 000:394.706 JLINK_CORESIGHT_WriteAPDPReg(AP reg 0x00, 0x80000002)
TBCB56440 000:394.952 - 0.247ms returns 0
TBCB56440 000:394.956 JLINK_CORESIGHT_WriteAPDPReg(AP reg 0x01, 0x80011140)
TBCB56440 000:395.171 - 0.215ms returns 0
TBCB56440 000:395.175 JLINK_CORESIGHT_ReadAPDPReg(AP reg 0x03)
TBCB56440 000:395.448   Value=0x00000000
TBCB56440 000:395.452 - 0.277ms returns 0
TBCB56440 000:395.455 JLINK_CORESIGHT_WriteAPDPReg(AP reg 0x00, 0x80000002)
TBCB56440 000:395.671 - 0.215ms returns 0
TBCB56440 000:395.674 JLINK_CORESIGHT_WriteAPDPReg(AP reg 0x01, 0x80011130)
TBCB56440 000:395.900 - 0.225ms returns 0
TBCB56440 000:395.903 JLINK_CORESIGHT_ReadAPDPReg(AP reg 0x03)
TBCB56440 000:396.170   Value=0xFFFFFFFF
TBCB56440 000:396.179 - 0.275ms returns 0
TBCB56440 000:396.181 JLINK_CORESIGHT_WriteAPDPReg(AP reg 0x00, 0x80000002)
TBCB56440 000:396.396 - 0.215ms returns 0
TBCB56440 000:396.399 JLINK_CORESIGHT_WriteAPDPReg(AP reg 0x01, 0x80011140)
TBCB56440 000:396.603 - 0.204ms returns 0
TBCB56440 000:396.605 JLINK_CORESIGHT_ReadAPDPReg(AP reg 0x03)
TBCB56440 000:396.863   Value=0x00000000
TBCB56440 000:396.867 - 0.262ms returns 0
TBCB56440 000:396.870 JLINK_CORESIGHT_WriteAPDPReg(AP reg 0x00, 0x80000002)
TBCB56440 000:397.090 - 0.220ms returns 0
TBCB56440 000:397.093 JLINK_CORESIGHT_WriteAPDPReg(AP reg 0x01, 0x80011130)
TBCB56440 000:397.292 - 0.199ms returns 0
TBCB56440 000:397.296 JLINK_CORESIGHT_ReadAPDPReg(AP reg 0x03)
TBCB56440 000:397.553   Value=0x000385FF
TBCB56440 000:397.557 - 0.261ms returns 0
TBCB56440 000:397.608 JLINK_CORESIGHT_WriteAPDPReg(AP reg 0x00, 0x80000002)
TBCB56440 000:397.805 - 0.198ms returns 0
TBCB56440 000:397.809 JLINK_CORESIGHT_WriteAPDPReg(AP reg 0x01, 0x80011140)
TBCB56440 000:398.024 - 0.215ms returns 0
TBCB56440 000:398.028 JLINK_CORESIGHT_ReadAPDPReg(AP reg 0x03)
TBCB56440 000:398.310   Value=0x00000002
TBCB56440 000:398.316 - 0.287ms returns 0
TBCB56440 000:398.318 JLINK_CORESIGHT_WriteAPDPReg(AP reg 0x00, 0x80000002)
TBCB56440 000:398.532 - 0.214ms returns 0
TBCB56440 000:398.537 JLINK_CORESIGHT_WriteAPDPReg(AP reg 0x01, 0x80011120)
TBCB56440 000:398.780 - 0.243ms returns 0
TBCB56440 000:398.784 JLINK_CORESIGHT_WriteAPDPReg(AP reg 0x03, 0x2C010001)
TBCB56440 000:398.986 - 0.202ms returns 0
TBCB56440 000:398.991 JLINK_CORESIGHT_WriteAPDPReg(AP reg 0x00, 0x80000002)
TBCB56440 000:399.257 - 0.267ms returns 0
TBCB56440 000:399.261 JLINK_CORESIGHT_WriteAPDPReg(AP reg 0x01, 0x80011140)
TBCB56440 000:399.467 - 0.206ms returns 0
TBCB56440 000:399.471 JLINK_CORESIGHT_ReadAPDPReg(AP reg 0x03)
TBCB56440 000:399.739   Value=0x00000002
TBCB56440 000:399.743 - 0.272ms returns 0
TBCB56440 000:399.746 JLINK_CORESIGHT_WriteAPDPReg(AP reg 0x00, 0x80000002)
TBCB56440 000:400.023 - 0.277ms returns 0
TBCB56440 000:400.027 JLINK_CORESIGHT_WriteAPDPReg(AP reg 0x01, 0x80011120)
TBCB56440 000:400.295 - 0.267ms returns 0
TBCB56440 000:400.353 JLINK_CORESIGHT_WriteAPDPReg(AP reg 0x03, 0x000003D3)
TBCB56440 000:400.633 - 0.281ms returns 0
TBCB56440 000:400.679 JLINK_CORESIGHT_WriteAPDPReg(AP reg 0x00, 0x80000002)
TBCB56440 000:400.983 - 0.305ms returns 0
TBCB56440 000:401.028 JLINK_CORESIGHT_WriteAPDPReg(AP reg 0x01, 0x80011140)
TBCB56440 000:401.282 - 0.254ms returns 0
TBCB56440 000:401.328 JLINK_CORESIGHT_ReadAPDPReg(AP reg 0x03)
TBCB56440 000:401.653   Value=0x00000002
TBCB56440 000:401.704 - 0.376ms returns 0
TBCB56440 000:401.730 JLINK_CORESIGHT_ReadAPDPReg(AP reg 0x03)
TBCB56440 000:402.058   Value=0x00000002
TBCB56440 000:402.110 - 0.380ms returns 0
TBCB56440 000:402.135 JLINK_CORESIGHT_ReadAPDPReg(AP reg 0x03)
TBCB56440 000:402.451   Value=0x00000002
TBCB56440 000:402.501 - 0.365ms returns 0
TBCB56440 000:402.526 JLINK_CORESIGHT_ReadAPDPReg(AP reg 0x03)
TBCB56440 000:402.907   Value=0x00000002
TBCB56440 000:402.984 - 0.458ms returns 0
TBCB56440 000:403.010 JLINK_CORESIGHT_ReadAPDPReg(AP reg 0x03)
TBCB56440 000:403.323   Value=0x00000002
TBCB56440 000:403.373 - 0.363ms returns 0
TBCB56440 000:403.398 JLINK_CORESIGHT_ReadAPDPReg(AP reg 0x03)
TBCB56440 000:403.706   Value=0x00000002
TBCB56440 000:403.771 - 0.373ms returns 0
TBCB56440 000:403.797 JLINK_CORESIGHT_ReadAPDPReg(AP reg 0x03)
TBCB56440 000:404.123   Value=0x00000002
TBCB56440 000:404.172 - 0.375ms returns 0
TBCB56440 000:404.197 JLINK_CORESIGHT_ReadAPDPReg(AP reg 0x03)
TBCB56440 000:404.505   Value=0x00000002
TBCB56440 000:404.554 - 0.357ms returns 0
TBCB56440 000:404.579 JLINK_CORESIGHT_ReadAPDPReg(AP reg 0x03)
TBCB56440 000:404.909   Value=0x00000000
TBCB56440 000:405.028 - 0.448ms returns 0
TBCB56440 000:405.036 JLINK_CORESIGHT_WriteAPDPReg(AP reg 0x00, 0x80000002)
TBCB56440 000:405.258 - 0.222ms returns 0
TBCB56440 000:405.264 JLINK_CORESIGHT_WriteAPDPReg(AP reg 0x01, 0x80011130)
TBCB56440 000:405.467 - 0.203ms returns 0
TBCB56440 000:405.470 JLINK_CORESIGHT_ReadAPDPReg(AP reg 0x03)
TBCB56440 000:405.739   Value=0x2C020081
TBCB56440 000:405.744 - 0.273ms returns 0
TBCB56440 000:405.747 JLINK_CORESIGHT_WriteAPDPReg(AP reg 0x00, 0x80000002)
TBCB56440 000:405.953 - 0.206ms returns 0
TBCB56440 000:405.957 JLINK_CORESIGHT_WriteAPDPReg(AP reg 0x01, 0x80011140)
TBCB56440 000:406.175 - 0.218ms returns 0
TBCB56440 000:406.179 JLINK_CORESIGHT_ReadAPDPReg(AP reg 0x03)
TBCB56440 000:406.421   Value=0x00000000
TBCB56440 000:406.425 - 0.246ms returns 0
TBCB56440 000:406.429 JLINK_CORESIGHT_WriteAPDPReg(AP reg 0x00, 0x80000002)
TBCB56440 000:406.650 - 0.221ms returns 0
TBCB56440 000:406.654 JLINK_CORESIGHT_WriteAPDPReg(AP reg 0x01, 0x80011130)
TBCB56440 000:406.874 - 0.220ms returns 0
TBCB56440 000:406.879 JLINK_CORESIGHT_ReadAPDPReg(AP reg 0x03)
TBCB56440 000:407.128   Value=0x0003CE04
TBCB56440 000:407.132 - 0.253ms returns 0
TBCB56440 000:407.143 JLINK_CORESIGHT_WriteAPDPReg(AP reg 0x00, 0x80000002)
TBCB56440 000:407.360 - 0.218ms returns 0
TBCB56440 000:407.364 JLINK_CORESIGHT_WriteAPDPReg(AP reg 0x01, 0x80011140)
TBCB56440 000:407.587 - 0.222ms returns 0
TBCB56440 000:407.591 JLINK_CORESIGHT_ReadAPDPReg(AP reg 0x03)
TBCB56440 000:407.864   Value=0x00000002
TBCB56440 000:407.868 - 0.277ms returns 0
TBCB56440 000:407.871 JLINK_CORESIGHT_WriteAPDPReg(AP reg 0x00, 0x80000002)
TBCB56440 000:408.090 - 0.219ms returns 0
TBCB56440 000:408.094 JLINK_CORESIGHT_WriteAPDPReg(AP reg 0x01, 0x80011120)
TBCB56440 000:408.294 - 0.199ms returns 0
TBCB56440 000:408.298 JLINK_CORESIGHT_WriteAPDPReg(AP reg 0x03, 0x73010001)
TBCB56440 000:408.499 - 0.201ms returns 0
TBCB56440 000:408.505 JLINK_CORESIGHT_WriteAPDPReg(AP reg 0x00, 0x80000002)
TBCB56440 000:408.703 - 0.198ms returns 0
TBCB56440 000:408.707 JLINK_CORESIGHT_WriteAPDPReg(AP reg 0x01, 0x80011140)
TBCB56440 000:408.908 - 0.201ms returns 0
TBCB56440 000:408.913 JLINK_CORESIGHT_ReadAPDPReg(AP reg 0x03)
TBCB56440 000:409.282   Value=0x00000002
TBCB56440 000:409.306 - 0.393ms returns 0
TBCB56440 000:409.312 JLINK_CORESIGHT_WriteAPDPReg(AP reg 0x00, 0x80000002)
TBCB56440 000:409.527 - 0.216ms returns 0
TBCB56440 000:409.531 JLINK_CORESIGHT_WriteAPDPReg(AP reg 0x01, 0x80011120)
TBCB56440 000:409.750 - 0.219ms returns 0
TBCB56440 000:409.754 JLINK_CORESIGHT_WriteAPDPReg(AP reg 0x03, 0x0000038C)
TBCB56440 000:409.956 - 0.202ms returns 0
TBCB56440 000:409.962 JLINK_CORESIGHT_WriteAPDPReg(AP reg 0x00, 0x80000002)
TBCB56440 000:410.177 - 0.215ms returns 0
TBCB56440 000:410.182 JLINK_CORESIGHT_WriteAPDPReg(AP reg 0x01, 0x80011140)
TBCB56440 000:410.382 - 0.200ms returns 0
TBCB56440 000:410.388 JLINK_CORESIGHT_ReadAPDPReg(AP reg 0x03)
TBCB56440 000:410.633   Value=0x00000002
TBCB56440 000:410.637 - 0.249ms returns 0
TBCB56440 000:410.640 JLINK_CORESIGHT_ReadAPDPReg(AP reg 0x03)
TBCB56440 000:410.882   Value=0x00000002
TBCB56440 000:410.887 - 0.247ms returns 0
TBCB56440 000:410.890 JLINK_CORESIGHT_ReadAPDPReg(AP reg 0x03)
TBCB56440 000:411.162   Value=0x00000002
TBCB56440 000:411.166 - 0.276ms returns 0
TBCB56440 000:411.169 JLINK_CORESIGHT_ReadAPDPReg(AP reg 0x03)
TBCB56440 000:411.431   Value=0x00000002
TBCB56440 000:411.435 - 0.266ms returns 0
TBCB56440 000:411.440 JLINK_CORESIGHT_ReadAPDPReg(AP reg 0x03)
TBCB56440 000:411.699   Value=0x00000002
TBCB56440 000:411.703 - 0.263ms returns 0
TBCB56440 000:411.707 JLINK_CORESIGHT_ReadAPDPReg(AP reg 0x03)
TBCB56440 000:411.964   Value=0x00000002
TBCB56440 000:411.968 - 0.261ms returns 0
TBCB56440 000:411.971 JLINK_CORESIGHT_ReadAPDPReg(AP reg 0x03)
TBCB56440 000:412.258   Value=0x00000002
TBCB56440 000:412.262 - 0.291ms returns 0
TBCB56440 000:412.267 JLINK_CORESIGHT_ReadAPDPReg(AP reg 0x03)
TBCB56440 000:412.550   Value=0x00000002
TBCB56440 000:412.605 - 0.337ms returns 0
TBCB56440 000:412.638 JLINK_CORESIGHT_ReadAPDPReg(AP reg 0x03)
TBCB56440 000:412.987   Value=0x00000002
TBCB56440 000:413.038 - 0.400ms returns 0
TBCB56440 000:413.069 JLINK_CORESIGHT_ReadAPDPReg(AP reg 0x03)
TBCB56440 000:413.454   Value=0x00000002
TBCB56440 000:413.503 - 0.434ms returns 0
TBCB56440 000:413.534 JLINK_CORESIGHT_ReadAPDPReg(AP reg 0x03)
TBCB56440 000:413.853   Value=0x00000002
TBCB56440 000:413.901 - 0.368ms returns 0
TBCB56440 000:413.956 JLINK_CORESIGHT_ReadAPDPReg(AP reg 0x03)
TBCB56440 000:414.282   Value=0x00000000
TBCB56440 000:414.330 - 0.375ms returns 0
TBCB56440 000:414.362 JLINK_CORESIGHT_WriteAPDPReg(AP reg 0x00, 0x80000002)
TBCB56440 000:414.644 - 0.282ms returns 0
TBCB56440 000:414.695 JLINK_CORESIGHT_WriteAPDPReg(AP reg 0x01, 0x80011130)
TBCB56440 000:415.089 - 0.396ms returns 0
TBCB56440 000:415.103 JLINK_CORESIGHT_ReadAPDPReg(AP reg 0x03)
TBCB56440 000:415.414   Value=0x73020081
TBCB56440 000:415.420 - 0.317ms returns 0
TBCB56440 000:415.426 JLINK_CORESIGHT_WriteAPDPReg(AP reg 0x00, 0x80000002)
TBCB56440 000:415.692 - 0.266ms returns 0
TBCB56440 000:415.734 JLINK_CORESIGHT_WriteAPDPReg(AP reg 0x01, 0x80011140)
TBCB56440 000:416.028 - 0.294ms returns 0
TBCB56440 000:416.080 JLINK_CORESIGHT_ReadAPDPReg(AP reg 0x03)
TBCB56440 000:416.452   Value=0x00000000
TBCB56440 000:416.500 - 0.419ms returns 0
TBCB56440 000:416.532 JLINK_CORESIGHT_WriteAPDPReg(AP reg 0x00, 0x80000002)
TBCB56440 000:416.805 - 0.273ms returns 0
TBCB56440 000:416.840 JLINK_CORESIGHT_WriteAPDPReg(AP reg 0x01, 0x80011130)
TBCB56440 000:417.113 - 0.273ms returns 0
TBCB56440 000:417.213 JLINK_CORESIGHT_ReadAPDPReg(AP reg 0x03)
TBCB56440 000:417.534   Value=0x00038902
TBCB56440 000:417.571 - 0.358ms returns 0
TBCB56440 000:417.616 JLINK_CORESIGHT_WriteAPDPReg(AP reg 0x00, 0x80000002)
TBCB56440 000:417.891 - 0.274ms returns 0
TBCB56440 000:417.950 JLINK_CORESIGHT_WriteAPDPReg(AP reg 0x01, 0x80011140)
TBCB56440 000:418.292 - 0.342ms returns 0
TBCB56440 000:418.337 JLINK_CORESIGHT_ReadAPDPReg(AP reg 0x03)
TBCB56440 000:418.809   Value=0x00000002
TBCB56440 000:418.861 - 0.524ms returns 0
TBCB56440 000:418.887 JLINK_CORESIGHT_WriteAPDPReg(AP reg 0x00, 0x80000002)
TBCB56440 000:419.323 - 0.437ms returns 0
TBCB56440 000:419.367 JLINK_CORESIGHT_WriteAPDPReg(AP reg 0x01, 0x80011120)
TBCB56440 000:419.822 - 0.455ms returns 0
TBCB56440 000:419.866 JLINK_CORESIGHT_WriteAPDPReg(AP reg 0x03, 0x75010001)
TBCB56440 000:420.196 - 0.330ms returns 0
TBCB56440 000:420.234 JLINK_CORESIGHT_WriteAPDPReg(AP reg 0x00, 0x80000002)
TBCB56440 000:420.507 - 0.273ms returns 0
TBCB56440 000:420.544 JLINK_CORESIGHT_WriteAPDPReg(AP reg 0x01, 0x80011140)
TBCB56440 000:420.830 - 0.287ms returns 0
TBCB56440 000:420.868 JLINK_CORESIGHT_ReadAPDPReg(AP reg 0x03)
TBCB56440 000:421.323   Value=0x00000002
TBCB56440 000:421.367 - 0.499ms returns 0
TBCB56440 000:421.387 JLINK_CORESIGHT_WriteAPDPReg(AP reg 0x00, 0x80000002)
TBCB56440 000:421.661 - 0.274ms returns 0
TBCB56440 000:421.697 JLINK_CORESIGHT_WriteAPDPReg(AP reg 0x01, 0x80011120)
TBCB56440 000:421.977 - 0.281ms returns 0
TBCB56440 000:422.013 JLINK_CORESIGHT_WriteAPDPReg(AP reg 0x03, 0x0000038A)
TBCB56440 000:422.319 - 0.306ms returns 0
TBCB56440 000:422.357 JLINK_CORESIGHT_WriteAPDPReg(AP reg 0x00, 0x80000002)
TBCB56440 000:422.674 - 0.317ms returns 0
TBCB56440 000:422.712 JLINK_CORESIGHT_WriteAPDPReg(AP reg 0x01, 0x80011140)
TBCB56440 000:422.980 - 0.268ms returns 0
TBCB56440 000:423.019 JLINK_CORESIGHT_ReadAPDPReg(AP reg 0x03)
TBCB56440 000:423.366   Value=0x00000002
TBCB56440 000:423.408 - 0.390ms returns 0
TBCB56440 000:423.431 JLINK_CORESIGHT_ReadAPDPReg(AP reg 0x03)
TBCB56440 000:423.763   Value=0x00000000
TBCB56440 000:423.812 - 0.381ms returns 0
TBCB56440 000:423.838 JLINK_CORESIGHT_WriteAPDPReg(AP reg 0x00, 0x80000002)
TBCB56440 000:424.138 - 0.299ms returns 0
TBCB56440 000:424.185 JLINK_CORESIGHT_WriteAPDPReg(AP reg 0x01, 0x80011130)
TBCB56440 000:424.469 - 0.284ms returns 0
TBCB56440 000:424.511 JLINK_CORESIGHT_ReadAPDPReg(AP reg 0x03)
TBCB56440 000:424.825   Value=0x75020081
TBCB56440 000:424.875 - 0.364ms returns 0
TBCB56440 000:424.900 JLINK_CORESIGHT_WriteAPDPReg(AP reg 0x00, 0x80000002)
TBCB56440 000:425.289 - 0.390ms returns 0
TBCB56440 000:425.334 JLINK_CORESIGHT_WriteAPDPReg(AP reg 0x01, 0x80011140)
TBCB56440 000:425.617 - 0.283ms returns 0
TBCB56440 000:425.659 JLINK_CORESIGHT_ReadAPDPReg(AP reg 0x03)
TBCB56440 000:425.982   Value=0x00000000
TBCB56440 000:426.032 - 0.373ms returns 0
TBCB56440 000:426.058 JLINK_CORESIGHT_WriteAPDPReg(AP reg 0x00, 0x80000002)
TBCB56440 000:426.403 - 0.345ms returns 0
TBCB56440 000:426.445 JLINK_CORESIGHT_WriteAPDPReg(AP reg 0x01, 0x80011130)
TBCB56440 000:426.723 - 0.278ms returns 0
TBCB56440 000:426.764 JLINK_CORESIGHT_ReadAPDPReg(AP reg 0x03)
TBCB56440 000:427.107   Value=0x00038702
TBCB56440 000:427.161 - 0.397ms returns 0
TBCB56440 000:427.214 JLINK_CORESIGHT_WriteAPDPReg(AP reg 0x00, 0x80000002)
TBCB56440 000:427.556 - 0.342ms returns 0
TBCB56440 000:427.564 JLINK_CORESIGHT_WriteAPDPReg(AP reg 0x01, 0x80011140)
TBCB56440 000:427.783 - 0.219ms returns 0
TBCB56440 000:427.789 JLINK_CORESIGHT_ReadAPDPReg(AP reg 0x03)
TBCB56440 000:428.139   Value=0x00000002
TBCB56440 000:428.194 - 0.404ms returns 0
TBCB56440 000:428.223 JLINK_CORESIGHT_WriteAPDPReg(AP reg 0x00, 0x80000002)
TBCB56440 000:428.553 - 0.332ms returns 0
TBCB56440 000:428.561 JLINK_CORESIGHT_WriteAPDPReg(AP reg 0x01, 0x80011120)
TBCB56440 000:428.789 - 0.228ms returns 0
TBCB56440 000:428.793 JLINK_CORESIGHT_WriteAPDPReg(AP reg 0x03, 0x4F010001)
TBCB56440 000:429.015 - 0.222ms returns 0
TBCB56440 000:429.020 JLINK_CORESIGHT_WriteAPDPReg(AP reg 0x00, 0x80000002)
TBCB56440 000:429.260 - 0.240ms returns 0
TBCB56440 000:429.264 JLINK_CORESIGHT_WriteAPDPReg(AP reg 0x01, 0x80011140)
TBCB56440 000:429.509 - 0.245ms returns 0
TBCB56440 000:429.513 JLINK_CORESIGHT_ReadAPDPReg(AP reg 0x03)
TBCB56440 000:429.802   Value=0x00000002
TBCB56440 000:429.806 - 0.293ms returns 0
TBCB56440 000:429.810 JLINK_CORESIGHT_WriteAPDPReg(AP reg 0x00, 0x80000002)
TBCB56440 000:430.047 - 0.238ms returns 0
TBCB56440 000:430.051 JLINK_CORESIGHT_WriteAPDPReg(AP reg 0x01, 0x80011120)
TBCB56440 000:430.295 - 0.244ms returns 0
TBCB56440 000:430.299 JLINK_CORESIGHT_WriteAPDPReg(AP reg 0x03, 0x000003B0)
TBCB56440 000:430.525 - 0.226ms returns 0
TBCB56440 000:430.529 JLINK_CORESIGHT_WriteAPDPReg(AP reg 0x00, 0x80000002)
TBCB56440 000:430.776 - 0.247ms returns 0
TBCB56440 000:430.779 JLINK_CORESIGHT_WriteAPDPReg(AP reg 0x01, 0x80011140)
TBCB56440 000:431.027 - 0.247ms returns 0
TBCB56440 000:431.030 JLINK_CORESIGHT_ReadAPDPReg(AP reg 0x03)
TBCB56440 000:431.337   Value=0x00000002
TBCB56440 000:431.341 - 0.311ms returns 0
TBCB56440 000:431.344 JLINK_CORESIGHT_ReadAPDPReg(AP reg 0x03)
TBCB56440 000:431.612   Value=0x00000002
TBCB56440 000:431.616 - 0.272ms returns 0
TBCB56440 000:431.619 JLINK_CORESIGHT_ReadAPDPReg(AP reg 0x03)
TBCB56440 000:431.952   Value=0x00000002
TBCB56440 000:432.040 - 0.418ms returns 0
TBCB56440 000:432.071 JLINK_CORESIGHT_ReadAPDPReg(AP reg 0x03)
TBCB56440 000:432.538   Value=0x00000002
TBCB56440 000:432.584 - 0.514ms returns 0
TBCB56440 000:432.605 JLINK_CORESIGHT_ReadAPDPReg(AP reg 0x03)
TBCB56440 000:433.181   Value=0x00000002
TBCB56440 000:433.241 - 0.637ms returns 0
TBCB56440 000:433.267 JLINK_CORESIGHT_ReadAPDPReg(AP reg 0x03)
TBCB56440 000:433.731   Value=0x00000002
TBCB56440 000:433.781 - 0.513ms returns 0
TBCB56440 000:433.805 JLINK_CORESIGHT_ReadAPDPReg(AP reg 0x03)
TBCB56440 000:434.163   Value=0x00000000
TBCB56440 000:434.212 - 0.407ms returns 0
TBCB56440 000:434.239 JLINK_CORESIGHT_WriteAPDPReg(AP reg 0x00, 0x80000002)
TBCB56440 000:434.559 - 0.321ms returns 0
TBCB56440 000:434.600 JLINK_CORESIGHT_WriteAPDPReg(AP reg 0x01, 0x80011130)
TBCB56440 000:434.882 - 0.283ms returns 0
TBCB56440 000:434.942 JLINK_CORESIGHT_ReadAPDPReg(AP reg 0x03)
TBCB56440 000:435.272   Value=0x4F0B0081
TBCB56440 000:435.297 - 0.356ms returns 0
TBCB56440 000:435.304 JLINK_CORESIGHT_WriteAPDPReg(AP reg 0x00, 0x80000002)
TBCB56440 000:435.525 - 0.221ms returns 0
TBCB56440 000:435.530 JLINK_CORESIGHT_WriteAPDPReg(AP reg 0x01, 0x80011140)
TBCB56440 000:435.777 - 0.247ms returns 0
TBCB56440 000:435.785 JLINK_CORESIGHT_ReadAPDPReg(AP reg 0x03)
TBCB56440 000:436.096   Value=0x00000000
TBCB56440 000:436.100 - 0.315ms returns 0
TBCB56440 000:436.106 JLINK_CORESIGHT_WriteAPDPReg(AP reg 0x00, 0x80000002)
TBCB56440 000:436.361 - 0.257ms returns 0
TBCB56440 000:436.365 JLINK_CORESIGHT_WriteAPDPReg(AP reg 0x01, 0x80011130)
TBCB56440 000:436.588 - 0.223ms returns 0
TBCB56440 000:436.592 JLINK_CORESIGHT_ReadAPDPReg(AP reg 0x03)
TBCB56440 000:436.907   Value=0xE0000000
TBCB56440 000:436.944 - 0.352ms returns 0
TBCB56440 000:436.947 JLINK_CORESIGHT_WriteAPDPReg(AP reg 0x00, 0x80000002)
TBCB56440 000:437.171 - 0.224ms returns 0
TBCB56440 000:437.175 JLINK_CORESIGHT_WriteAPDPReg(AP reg 0x01, 0x80011140)
TBCB56440 000:437.419 - 0.244ms returns 0
TBCB56440 000:437.423 JLINK_CORESIGHT_ReadAPDPReg(AP reg 0x03)
TBCB56440 000:437.695   Value=0x00000000
TBCB56440 000:437.699 - 0.276ms returns 0
TBCB56440 000:437.701 JLINK_CORESIGHT_WriteAPDPReg(AP reg 0x00, 0x80000002)
TBCB56440 000:438.003 - 0.302ms returns 0
TBCB56440 000:438.007 JLINK_CORESIGHT_WriteAPDPReg(AP reg 0x01, 0x80011130)
TBCB56440 000:438.253 - 0.247ms returns 0
TBCB56440 000:438.257 JLINK_CORESIGHT_ReadAPDPReg(AP reg 0x03)
TBCB56440 000:438.533   Value=0x00000000
TBCB56440 000:438.537 - 0.280ms returns 0
TBCB56440 000:438.539 JLINK_CORESIGHT_WriteAPDPReg(AP reg 0x00, 0x80000002)
TBCB56440 000:438.797 - 0.255ms returns 0
TBCB56440 000:438.866 JLINK_CORESIGHT_WriteAPDPReg(AP reg 0x01, 0x80011140)
TBCB56440 000:439.149 - 0.283ms returns 0
TBCB56440 000:439.195 JLINK_CORESIGHT_ReadAPDPReg(AP reg 0x03)
TBCB56440 000:439.512   Value=0x00000000
TBCB56440 000:439.561 - 0.366ms returns 0
TBCB56440 000:439.587 JLINK_CORESIGHT_WriteAPDPReg(AP reg 0x00, 0x80000002)
TBCB56440 000:439.850 - 0.263ms returns 0
TBCB56440 000:439.891 JLINK_CORESIGHT_WriteAPDPReg(AP reg 0x01, 0x80011130)
TBCB56440 000:440.191 - 0.299ms returns 0
TBCB56440 000:440.234 JLINK_CORESIGHT_ReadAPDPReg(AP reg 0x03)
TBCB56440 000:440.553   Value=0x03C60000
TBCB56440 000:440.602 - 0.369ms returns 0
TBCB56440 000:441.211 JLINK_CORESIGHT_ReadAPDPReg(DP reg 0x01)
TBCB56440 000:441.516   Value=0xF0000F40
TBCB56440 000:441.567 - 0.356ms returns 0
TBCB56440 000:441.593 JLINK_CORESIGHT_WriteAPDPReg(DP reg 0x01, 0xA0000F40)
TBCB56440 000:441.874 - 0.281ms returns 0
TBCB56440 000:441.996 JLINK_CORESIGHT_ReadAPDPReg(DP reg 0x01)
TBCB56440 000:443.495   Value=0x00000F40
TBCB56440 000:443.511 - 1.515ms returns 0
TBCB56440 000:443.516 JLINK_ClrRESET()
TBCB56440 000:445.006 - 1.490ms 
TBCB56440 000:551.783 JLINK_Close()
TBCB56440 000:560.169 - 8.386ms
TBCB56440 000:560.186   
TBCB56440 000:560.188   Closed
